Time X1
0 316
1 614.7102367241393
2 651.8394129849407
3 652.2297442734811
4 652.2333038034666
5 652.2333550500807
6 652.2333430190029
7 652.2333409641193
8 652.233340709122
9 652.2333404541247
10 652.2333401991275
11 652.2333399441302
12 652.2333396891329
13 652.2333394341357
14 652.2333393838987
15 652.2333393763352
16 652.2333393687716
17 652.233339361208
18 652.2333393536443
19 652.2333393460807
20 652.2333393385171
21 652.2333393375197
22 652.2333393374967
23 652.2333393374736
24 652.2333393374506
25 652.2333393374275
26 652.2333393374045
27 652.2333393373814
28 652.2333393373584
29 652.2333393373353
30 652.2333393373123