Time X1
0 278
1 573.7453654510258
2 651.2463579537098
3 652.2242893193201
4 652.2332521465578
5 652.23335680299
6 652.2333439428708
7 652.2333416587707
8 652.2333412494761
9 652.2333408401815
10 652.2333404308869
11 652.2333400215923
12 652.2333396122978
13 652.2333394157996
14 652.2333394024514
15 652.2333393891032
16 652.233339375755
17 652.2333393624067
18 652.2333393490585
19 652.2333393387603
20 652.2333393387155
21 652.2333393386706
22 652.2333393386257
23 652.2333393385809
24 652.233339338536
25 652.2333393384912
26 652.2333393384463
27 652.2333393384015
28 652.2333393383566
29 652.2333393383117
30 652.2333393382669