Time X1
0 382
1 639.2223854988696
2 652.1094634043314
3 652.2322552865605
4 652.2333383725677
5 652.2333538105302
6 652.2333414346155
7 652.2333411239994
8 652.2333408133834
9 652.2333405027673
10 652.2333401921512
11 652.2333398815351
12 652.233339570919
13 652.2333393976155
14 652.2333393880356
15 652.2333393784556
16 652.2333393688757
17 652.2333393592958
18 652.2333393497158
19 652.2333393401359
20 652.2333393379454
21 652.2333393379149
22 652.2333393378846
23 652.2333393378542
24 652.2333393378237
25 652.2333393377934
26 652.233339337763
27 652.2333393377326
28 652.2333393377022
29 652.2333393376717
30 652.2333393376414