Time X1
0 177
1 255.5615322164497
2 527.4953235296279
3 650.2490815764072
4 652.2151842493234
5 652.2331692708509
6 652.2333559818942
7 652.233345578822
8 652.233341834673
9 652.233341393023
10 652.2333409513732
11 652.2333405097233
12 652.2333400680735
13 652.2333396264236
14 652.2333394217083
15 652.2333394070354
16 652.2333393923625
17 652.2333393776896
18 652.2333393630167
19 652.2333393483439
20 652.2333393390337
21 652.2333393389835
22 652.2333393389332
23 652.233339338883
24 652.2333393388327
25 652.2333393387825
26 652.2333393387322
27 652.233339338682
28 652.2333393386317
29 652.2333393385813
30 652.2333393385311