Time X1
0 315
1 614.0213396966715
2 651.8310352131016
3 652.2296666633177
4 652.2333030814086
5 652.2333550527493
6 652.2333430499428
7 652.2333409701521
8 652.2333407140504
9 652.2333404579487
10 652.233340201847
11 652.2333399457453
12 652.2333396896436
13 652.2333394335419
14 652.2333393840702
15 652.2333393764675
16 652.2333393688649
17 652.2333393612622
18 652.2333393536595
19 652.2333393460569
20 652.2333393384542
21 652.2333393375279
22 652.2333393375047
23 652.2333393374815
24 652.2333393374583
25 652.2333393374352
26 652.233339337412
27 652.2333393373888
28 652.2333393373656
29 652.2333393373424
30 652.2333393373192