Time X1
0 282
1 579.8960036792063
2 651.3493549947834
3 652.2252235387755
4 652.2332607224106
5 652.2333577821491
6 652.2333433963037
7 652.2333417599477
8 652.2333413208702
9 652.2333408817926
10 652.233340442715
11 652.2333400036374
12 652.2333395645599
13 652.2333394192543
14 652.2333394047267
15 652.2333393901991
16 652.2333393756716
17 652.233339361144
18 652.2333393466164
19 652.2333393389978
20 652.2333393389482
21 652.2333393388988
22 652.2333393388492
23 652.2333393387996
24 652.2333393387501
25 652.2333393387005
26 652.2333393386509
27 652.2333393386014
28 652.2333393385518
29 652.2333393385022
30 652.2333393384528