Time X1
0 218
1 401.7284435470229
2 642.3391088169305
3 652.1402531955798
4 652.2325238070022
5 652.2333420138848
6 652.2333530668564
7 652.2333410608286
8 652.2333408212892
9 652.2333405817499
10 652.2333403422105
11 652.2333401026711
12 652.2333398631317
13 652.2333396235923
14 652.2333393867871
15 652.2333393797685
16 652.2333393727499
17 652.2333393657314
18 652.2333393587128
19 652.2333393516942
20 652.2333393446756
21 652.2333393376571
22 652.2333393374035
23 652.2333393373824
24 652.2333393373613
25 652.2333393373402
26 652.2333393373191
27 652.2333393372979
28 652.2333393372768
29 652.2333393372556
30 652.2333393372345