Time X1
0 212
1 378.3301709663784
2 638.5194351933637
3 652.1024204222289
4 652.2321904035282
5 652.2333349503118
6 652.2333541761482
7 652.2333412116263
8 652.2333409464949
9 652.2333406813634
10 652.233340416232
11 652.2333401511005
12 652.233339885969
13 652.2333396208376
14 652.2333393912188
15 652.2333393832942
16 652.2333393753696
17 652.233339367445
18 652.2333393595203
19 652.2333393515958
20 652.2333393436711
21 652.2333393376111
22 652.2333393375867
23 652.2333393375624
24 652.233339337538
25 652.2333393375137
26 652.2333393374894
27 652.2333393374651
28 652.2333393374406
29 652.2333393374163
30 652.233339337392