Time X1
0 348
1 630.49712010547
2 652.019224800257
3 652.231384555884
4 652.2333200032692
5 652.2333548314836
6 652.2333419832127
7 652.2333408632926
8 652.2333406223461
9 652.2333403813997
10 652.2333401404532
11 652.2333398995067
12 652.2333396585603
13 652.2333394176138
14 652.2333393809771
15 652.2333393738886
16 652.2333393668001
17 652.2333393597117
18 652.2333393526233
19 652.2333393455349
20 652.2333393384464
21 652.2333393374204
22 652.2333393373989
23 652.2333393373775
24 652.233339337356
25 652.2333393373347
26 652.2333393373132
27 652.2333393372918
28 652.2333393372703
29 652.2333393372489
30 652.2333393372276