Time X1
0 113
1 140.3259195645882
2 174.9229074030412
3 249.6308817850073
4 511.4826137276124
5 649.7805961939126
6 652.2109389792332
7 652.2331294925095
8 652.233358488205
9 652.233346232905
10 652.2333409097384
11 652.233340685955
12 652.2333404621716
13 652.2333402383881
14 652.2333400146047
15 652.2333397908213
16 652.2333395670379
17 652.2333393823545
18 652.2333393758839
19 652.2333393694132
20 652.2333393629426
21 652.2333393564719
22 652.2333393500013
23 652.2333393435306
24 652.2333393373067
25 652.2333393372875
26 652.2333393372683
27 652.233339337249
28 652.2333393372298
29 652.2333393372106
30 652.2333393371914