Time X1
0 337
1 626.2098862622852
2 651.9725852512321
3 652.2310027029896
4 652.2333154589558
5 652.2333549912919
6 652.2333423672443
7 652.2333408892706
8 652.2333406461412
9 652.2333404030118
10 652.2333401598825
11 652.233339916753
12 652.2333396736237
13 652.2333394304943
14 652.2333393817469
15 652.233339374601
16 652.2333393674552
17 652.2333393603093
18 652.2333393531635
19 652.2333393460176
20 652.2333393388717
21 652.2333393374338
22 652.2333393374122
23 652.2333393373906
24 652.233339337369
25 652.2333393373475
26 652.2333393373259
27 652.2333393373043
28 652.2333393372827
29 652.2333393372611
30 652.2333393372395