Time X1
0 129
1 158.5966221430309
2 209.0335502319929
3 366.7892442161809
4 635.9842356381896
5 652.0767064715214
6 652.2319558276713
7 652.2333355936299
8 652.2333550429324
9 652.2333419731281
10 652.2333415590867
11 652.2333411450455
12 652.2333407310042
13 652.233340316963
14 652.2333399029217
15 652.2333394888805
16 652.2333394127096
17 652.2333393993435
18 652.2333393859775
19 652.2333393726115
20 652.2333393592454
21 652.2333393458794
22 652.2333393387534
23 652.2333393387089
24 652.2333393386645
25 652.23333933862
26 652.2333393385755
27 652.2333393385311
28 652.2333393384866
29 652.2333393384422
30 652.2333393383977