Time X1
0 125
1 153.5526215372293
2 198.5254833511041
3 326.9039759612784
4 621.3211640458991
5 651.9174715392163
6 652.2304636610559
7 652.2333106746851
8 652.2333540975482
9 652.2333429251778
10 652.2333407521322
11 652.2333405411381
12 652.233340330144
13 652.2333401191498
14 652.2333399081557
15 652.2333396971616
16 652.2333394861674
17 652.2333393777784
18 652.2333393717466
19 652.233339365715
20 652.2333393596832
21 652.2333393536516
22 652.2333393476198
23 652.233339341588
24 652.2333393372091
25 652.2333393371914
26 652.2333393371737
27 652.2333393371561
28 652.2333393371383
29 652.2333393371206
30 652.233339337103