Time X1
0 197
1 321.3211452297362
2 618.1322524284255
3 651.8803429396086
4 652.2301169684179
5 652.2333075419247
6 652.233353713136
7 652.2333431369318
8 652.2333407204042
9 652.2333405170959
10 652.2333403137878
11 652.2333401104797
12 652.2333399071715
13 652.2333397038634
14 652.2333395005553
15 652.233339376839
16 652.2333393710684
17 652.2333393652976
18 652.2333393595269
19 652.2333393537563
20 652.2333393479855
21 652.2333393422148
22 652.2333393371565
23 652.2333393371397
24 652.2333393371229
25 652.233339337106
26 652.2333393370892
27 652.2333393370724
28 652.2333393370557
29 652.2333393370388
30 652.233339337022