Time X1
0 178
1 258.4801040515346
2 534.7634121498631
3 650.4368186911366
4 652.2169194762125
5 652.2331825175709
6 652.2333553817122
7 652.2333454967562
8 652.2333417566842
9 652.2333413357387
10 652.2333409147932
11 652.2333404938478
12 652.2333400729023
13 652.2333396519568
14 652.2333394190703
15 652.2333394052635
16 652.2333393914565
17 652.2333393776496
18 652.2333393638428
19 652.2333393500359
20 652.2333393388592
21 652.2333393388126
22 652.2333393387659
23 652.2333393387192
24 652.2333393386725
25 652.2333393386258
26 652.2333393385792
27 652.2333393385325
28 652.2333393384858
29 652.2333393384391
30 652.2333393383925