Time X1
0 159
1 209.9132066474758
2 370.2034973356541
3 636.7901068892609
4 652.0849192057921
5 652.2320226835525
6 652.2333301462335
7 652.2333543172831
8 652.2333414834558
9 652.2333408222603
10 652.2333405879608
11 652.2333403536613
12 652.2333401193617
13 652.2333398850623
14 652.2333396507628
15 652.2333394164633
16 652.2333393798166
17 652.2333393729809
18 652.2333393661453
19 652.2333393593096
20 652.233339352474
21 652.2333393456383
22 652.2333393388027
23 652.2333393373689
24 652.2333393373484
25 652.2333393373279
26 652.2333393373075
27 652.2333393372869
28 652.2333393372664
29 652.233339337246
30 652.2333393372255