Time X1
0 374
1 637.6292525432449
2 652.0934433419906
3 652.232108281171
4 652.2333333296633
5 652.2333543847895
6 652.2333412381629
7 652.233340968583
8 652.2333406990031
9 652.2333404294232
10 652.2333401598432
11 652.2333398902633
12 652.2333396206834
13 652.2333393919945
14 652.2333393839106
15 652.2333393758265
16 652.2333393677425
17 652.2333393596584
18 652.2333393515745
19 652.2333393434905
20 652.2333393376435
21 652.2333393376186
22 652.2333393375937
23 652.2333393375689
24 652.2333393375438
25 652.2333393375189
26 652.233339337494
27 652.2333393374691
28 652.2333393374442
29 652.2333393374194
30 652.2333393373943