Time X1
0 339
1 627.0629888688434
2 651.9820101881681
3 652.2310908787612
4 652.2333183157477
5 652.2333564931066
6 652.2333419251275
7 652.2333415210657
8 652.2333411170038
9 652.233340712942
10 652.2333403088801
11 652.2333399048183
12 652.2333395007564
13 652.2333394112818
14 652.2333393981393
15 652.2333393849967
16 652.2333393718542
17 652.2333393587116
18 652.2333393455691
19 652.2333393387056
20 652.2333393386615
21 652.2333393386175
22 652.2333393385734
23 652.2333393385294
24 652.2333393384854
25 652.2333393384413
26 652.2333393383973
27 652.2333393383532
28 652.2333393383092
29 652.2333393382651
30 652.2333393382211