Time X1
0 313
1 612.5975286429863
2 651.8135512001598
3 652.2295925507652
4 652.233301003136
5 652.2333581316365
6 652.2333421607419
7 652.2333417146721
8 652.2333412686021
9 652.2333408225322
10 652.2333403764623
11 652.2333399303924
12 652.2333394843224
13 652.233339417762
14 652.2333394029552
15 652.2333393881484
16 652.2333393733416
17 652.2333393585347
18 652.2333393437278
19 652.2333393390461
20 652.2333393389954
21 652.2333393389447
22 652.233339338894
23 652.2333393388433
24 652.2333393387927
25 652.233339338742
26 652.2333393386913
27 652.2333393386406
28 652.2333393385899
29 652.2333393385393
30 652.2333393384886