Time X1
0 110
1 137.4144668870321
2 170.4150357032328
3 237.3653876462299
4 473.1869587290711
5 648.2586311596026
6 652.1968087925178
7 652.233006860433
8 652.2333560198797
9 652.2333483773515
10 652.2333409872606
11 652.23334075286
12 652.2333405184595
13 652.233340284059
14 652.2333400496585
15 652.233339815258
16 652.2333395808574
17 652.2333393846285
18 652.2333393777897
19 652.2333393709507
20 652.2333393641119
21 652.2333393572731
22 652.2333393504341
23 652.2333393435953
24 652.2333393373839
25 652.2333393373634
26 652.233339337343
27 652.2333393373224
28 652.2333393373019
29 652.2333393372814
30 652.2333393372609