Time X1
0 308
1 608.7456060324887
2 651.7652868896866
3 652.229057651015
4 652.2332973595773
5 652.2333549102634
6 652.2333433080966
7 652.2333409929481
8 652.2333407335758
9 652.2333404742036
10 652.2333402148313
11 652.233339955459
12 652.2333396960868
13 652.2333394367145
14 652.2333393847257
15 652.2333393770068
16 652.2333393692879
17 652.2333393615691
18 652.2333393538502
19 652.2333393461313
20 652.2333393384125
21 652.2333393375519
22 652.2333393375283
23 652.2333393375047
24 652.2333393374811
25 652.2333393374576
26 652.2333393374339
27 652.2333393374103
28 652.2333393373867
29 652.2333393373631
30 652.2333393373394