Time X1
0 333
1 624.3961653156289
2 651.9524517968789
3 652.230861963075
4 652.2333130126582
5 652.2333578250674
6 652.2333419953225
7 652.2333415875819
8 652.2333411798413
9 652.2333407721007
10 652.2333403643602
11 652.2333399566196
12 652.2333395488791
13 652.2333394135825
14 652.2333394004597
15 652.2333393873371
16 652.2333393742143
17 652.2333393610916
18 652.2333393479689
19 652.2333393387098
20 652.2333393386663
21 652.2333393386227
22 652.2333393385793
23 652.2333393385358
24 652.2333393384922
25 652.2333393384487
26 652.2333393384052
27 652.2333393383617
28 652.2333393383182
29 652.2333393382747
30 652.2333393382312