Time X1
0 173
1 244.2969283517737
2 495.660000435243
3 649.2317039383711
4 652.2057506502082
5 652.2330883141408
6 652.2333599828959
7 652.233346856416
8 652.2333416815632
9 652.2333412880894
10 652.2333408946156
11 652.2333405011418
12 652.233340107668
13 652.2333397141942
14 652.2333394163963
15 652.2333394036294
16 652.2333393908626
17 652.2333393780957
18 652.2333393653288
19 652.2333393525619
20 652.233339339795
21 652.2333393386078
22 652.2333393385651
23 652.2333393385225
24 652.2333393384798
25 652.2333393384371
26 652.2333393383944
27 652.2333393383518
28 652.2333393383091
29 652.2333393382664
30 652.2333393382237