Time X1
0 286
1 585.5159054427432
2 651.4386826997116
3 652.2260519513711
4 652.2332683840023
5 652.2333582094199
6 652.2333429974084
7 652.2333417872256
8 652.2333413378569
9 652.2333408884882
10 652.2333404391195
11 652.2333399897508
12 652.2333395403821
13 652.233339420174
14 652.233339405235
15 652.2333393902961
16 652.2333393753571
17 652.2333393604181
18 652.2333393454791
19 652.2333393390793
20 652.2333393390281
21 652.2333393389769
22 652.2333393389257
23 652.2333393388744
24 652.2333393388233
25 652.2333393387721
26 652.2333393387208
27 652.2333393386697
28 652.2333393386184
29 652.2333393385672
30 652.233339338516