Time X1
0 325
1 620.2770112035199
2 651.9054128063598
3 652.2303980566502
4 652.2333090813974
5 652.2333540766051
6 652.2333433064122
7 652.2333406893578
8 652.2333404965576
9 652.2333403037576
10 652.2333401109576
11 652.2333399181574
12 652.2333397253574
13 652.2333395325574
14 652.2333393758976
15 652.233339370546
16 652.2333393651945
17 652.2333393598429
18 652.2333393544914
19 652.2333393491398
20 652.2333393437882
21 652.2333393384366
22 652.2333393370582
23 652.2333393370429
24 652.2333393370277
25 652.2333393370125
26 652.2333393369972
27 652.2333393369819
28 652.2333393369667
29 652.2333393369514
30 652.2333393369362