Time X1
0 385
1 639.7655692316758
2 652.1148547079822
3 652.2322761244528
4 652.2333387827163
5 652.2333536630192
6 652.2333412962375
7 652.2333410116761
8 652.2333407271146
9 652.2333404425532
10 652.2333401579917
11 652.2333398734302
12 652.2333395888687
13 652.2333393936441
14 652.233339384994
15 652.2333393763438
16 652.2333393676937
17 652.2333393590436
18 652.2333393503934
19 652.2333393417433
20 652.2333393377564
21 652.2333393377295
22 652.2333393377024
23 652.2333393376754
24 652.2333393376483
25 652.2333393376213
26 652.2333393375942
27 652.2333393375671
28 652.2333393375402
29 652.2333393375131
30 652.2333393374861