Time X1
0 375
1 637.8409891495469
2 652.0955838378246
3 652.2321288860737
4 652.2333340184962
5 652.2333543459456
6 652.233341268205
7 652.233340992545
8 652.2333407168849
9 652.2333404412249
10 652.2333401655648
11 652.2333398899048
12 652.2333396142446
13 652.2333393928656
14 652.2333393845628
15 652.2333393762601
16 652.2333393679575
17 652.2333393596547
18 652.233339351352
19 652.2333393430492
20 652.2333393376881
21 652.2333393376624
22 652.2333393376366
23 652.2333393376109
24 652.2333393375852
25 652.2333393375595
26 652.2333393375338
27 652.2333393375081
28 652.2333393374823
29 652.2333393374566
30 652.2333393374309