Time X1
0 157
1 205.6101306545432
2 353.5755198132411
3 632.3365936770707
4 652.0387624536689
5 652.2316174156763
6 652.2333274534926
7 652.2333554476404
8 652.2333418284562
9 652.2333414409336
10 652.233341053411
11 652.2333406658884
12 652.2333402783657
13 652.2333398908431
14 652.2333395033205
15 652.2333394085833
16 652.233339396086
17 652.2333393835886
18 652.2333393710912
19 652.2333393585939
20 652.2333393460965
21 652.2333393385728
22 652.2333393385313
23 652.2333393384898
24 652.2333393384482
25 652.2333393384067
26 652.2333393383652
27 652.2333393383237
28 652.2333393382822
29 652.2333393382406
30 652.2333393381991