Time X1
0 285
1 584.1584431798526
2 651.4175369209361
3 652.2258739210215
4 652.2332674482938
5 652.2333531400101
6 652.2333443576371
7 652.2333409954172
8 652.2333407422185
9 652.2333404890198
10 652.2333402358212
11 652.2333399826225
12 652.2333397294237
13 652.2333394762251
14 652.2333393848345
15 652.2333393773349
16 652.2333393698353
17 652.2333393623358
18 652.2333393548362
19 652.2333393473365
20 652.2333393398369
21 652.2333393375102
22 652.2333393374873
23 652.2333393374646
24 652.2333393374417
25 652.2333393374189
26 652.233339337396
27 652.2333393373733
28 652.2333393373505
29 652.2333393373276
30 652.2333393373048