Time X1
0 103
1 131.1537539450294
2 161.4596021558068
3 215.4060750054066
4 391.6224216487958
5 640.8704928871257
6 652.1258636208061
7 652.2323981504322
8 652.2333474845162
9 652.2333498359226
10 652.2333420909864
11 652.233341630606
12 652.2333411702255
13 652.233340709845
14 652.2333402494645
15 652.2333397890841
16 652.2333394303201
17 652.2333394149387
18 652.2333393995572
19 652.2333393841757
20 652.2333393687941
21 652.2333393534126
22 652.2333393391988
23 652.2333393391458
24 652.2333393390928
25 652.2333393390397
26 652.2333393389868
27 652.2333393389338
28 652.2333393388808
29 652.2333393388278
30 652.2333393387748