Time X1
0 360
1 634.2235657968619
2 652.0585631475001
3 652.2318085679456
4 652.2333247305221
5 652.2333551451852
6 652.2333421106897
7 652.233340810739
8 652.2333405867728
9 652.2333403628065
10 652.2333401388403
11 652.2333399148739
12 652.2333396909077
13 652.2333394669414
14 652.2333393795416
15 652.2333393731434
16 652.2333393667453
17 652.2333393603471
18 652.233339353949
19 652.2333393475509
20 652.2333393411527
21 652.2333393372849
22 652.2333393372661
23 652.2333393372473
24 652.2333393372286
25 652.2333393372097
26 652.233339337191
27 652.2333393371722
28 652.2333393371534
29 652.2333393371347
30 652.2333393371159