Time X1
0 167
1 228.6194669953198
2 442.1552969820329
3 646.381808200411
4 652.1790894558535
5 652.2328636928044
6 652.2333559455116
7 652.2333484624336
8 652.2333415351936
9 652.2333411885702
10 652.2333408419468
11 652.2333404953232
12 652.2333401486998
13 652.2333398020763
14 652.2333394554529
15 652.2333394001312
16 652.2333393891703
17 652.2333393782094
18 652.2333393672486
19 652.2333393562877
20 652.233339345327
21 652.2333393382498
22 652.2333393382143
23 652.2333393381786
24 652.2333393381429
25 652.2333393381072
26 652.2333393380715
27 652.2333393380358
28 652.2333393380001
29 652.2333393379644
30 652.2333393379287