Time X1
0 284
1 582.7696222174543
2 651.3955842150817
3 652.2256530589249
4 652.2332646115049
5 652.2333583510351
6 652.2333430263899
7 652.2333418391099
8 652.233341376692
9 652.2333409142742
10 652.2333404518564
11 652.2333399894385
12 652.2333395270207
13 652.2333394219081
14 652.2333394064436
15 652.2333393909792
16 652.2333393755147
17 652.2333393600502
18 652.2333393445857
19 652.2333393391858
20 652.2333393391325
21 652.2333393390792
22 652.2333393390259
23 652.2333393389724
24 652.2333393389191
25 652.2333393388658
26 652.2333393388125
27 652.2333393387592
28 652.2333393387058
29 652.2333393386525
30 652.2333393385992