Time X1
0 349
1 630.8420548480726
2 652.0229250020171
3 652.231493494118
4 652.2333195737918
5 652.2333551190518
6 652.2333424730837
7 652.2333407890543
8 652.2333405716561
9 652.2333403542578
10 652.2333401368596
11 652.2333399194614
12 652.2333397020632
13 652.233339484665
14 652.2333393788978
15 652.2333393727231
16 652.2333393665484
17 652.2333393603737
18 652.2333393541991
19 652.2333393480244
20 652.2333393418497
21 652.2333393372398
22 652.2333393372219
23 652.2333393372039
24 652.2333393371858
25 652.2333393371679
26 652.2333393371499
27 652.2333393371318
28 652.2333393371139
29 652.2333393370959
30 652.2333393370778