Time X1
0 254
1 523.4423030094065
2 650.1375680112757
3 652.2141759869568
4 652.233156722493
5 652.2333571413463
6 652.2333458945152
7 652.2333417959026
8 652.2333413684703
9 652.2333409410381
10 652.2333405136059
11 652.2333400861736
12 652.2333396587414
13 652.2333394203948
14 652.2333394063309
15 652.233339392267
16 652.233339378203
17 652.2333393641392
18 652.2333393500752
19 652.2333393389129
20 652.2333393388651
21 652.2333393388175
22 652.2333393387697
23 652.233339338722
24 652.2333393386743
25 652.2333393386266
26 652.233339338579
27 652.2333393385312
28 652.2333393384836
29 652.2333393384358
30 652.2333393383881