Time X1
0 314
1 613.3170348166897
2 651.8224212446679
3 652.2295868713983
4 652.2333023371933
5 652.2333550481437
6 652.233343082915
7 652.2333409751897
8 652.2333407182113
9 652.2333404612328
10 652.2333402042545
11 652.2333399472761
12 652.2333396902978
13 652.2333394333194
14 652.233339384215
15 652.2333393765811
16 652.2333393689471
17 652.2333393613131
18 652.2333393536792
19 652.2333393460452
20 652.2333393384113
21 652.2333393375342
22 652.2333393375109
23 652.2333393374876
24 652.2333393374643
25 652.233339337441
26 652.2333393374176
27 652.2333393373943
28 652.233339337371
29 652.2333393373477
30 652.2333393373244