Time X1
0 335
1 625.321903237666
2 651.9627326983256
3 652.2309175443738
4 652.2333145814385
5 652.2333549875791
6 652.2333424343054
7 652.2333408902931
8 652.2333406473659
9 652.2333404044389
10 652.2333401615118
11 652.2333399185846
12 652.2333396756576
13 652.2333394327305
14 652.2333393817767
15 652.233339374638
16 652.2333393674995
17 652.2333393603609
18 652.2333393532224
19 652.2333393460838
20 652.2333393389451
21 652.2333393374324
22 652.2333393374108
23 652.2333393373893
24 652.2333393373677
25 652.2333393373463
26 652.2333393373247
27 652.2333393373031
28 652.2333393372816
29 652.23333933726
30 652.2333393372385