Time X1
0 228
1 439.8649399031881
2 646.2103641947218
3 652.1773347377282
4 652.2328283744447
5 652.233350212737
6 652.2333521481211
7 652.2333408813593
8 652.2333406755948
9 652.2333404698304
10 652.233340264066
11 652.2333400583016
12 652.2333398525371
13 652.2333396467727
14 652.2333394410082
15 652.2333393756275
16 652.2333393698431
17 652.2333393640587
18 652.2333393582744
19 652.23333935249
20 652.2333393467056
21 652.2333393409214
22 652.2333393371557
23 652.233339337139
24 652.2333393371223
25 652.2333393371057
26 652.233339337089
27 652.2333393370723
28 652.2333393370556
29 652.233339337039
30 652.2333393370222