Time X1
0 181
1 267.4807799756725
2 554.7284506609822
3 650.8890348289663
4 652.2212448270059
5 652.2332145928019
6 652.2333577265955
7 652.2333449611654
8 652.2333419880533
9 652.2333415152975
10 652.2333410425416
11 652.2333405697858
12 652.2333400970299
13 652.2333396242741
14 652.2333394270427
15 652.2333394114048
16 652.233339395767
17 652.2333393801291
18 652.2333393644913
19 652.2333393488533
20 652.2333393392369
21 652.2333393391835
22 652.2333393391302
23 652.2333393390769
24 652.2333393390236
25 652.2333393389703
26 652.2333393389168
27 652.2333393388635
28 652.2333393388102
29 652.2333393387569
30 652.2333393387036