Time X1
0 227
1 436.1438127394627
2 645.9199853664273
3 652.1747971399409
4 652.2328237197014
5 652.2333493197963
6 652.2333514487507
7 652.2333409044256
8 652.2333406902694
9 652.2333404761132
10 652.2333402619571
11 652.2333400478009
12 652.2333398336447
13 652.2333396194886
14 652.2333394053323
15 652.2333393760161
16 652.2333393698761
17 652.2333393637363
18 652.2333393575963
19 652.2333393514564
20 652.2333393453164
21 652.2333393391765
22 652.2333393372246
23 652.2333393372065
24 652.2333393371885
25 652.2333393371704
26 652.2333393371523
27 652.2333393371342
28 652.2333393371161
29 652.2333393370982
30 652.2333393370801