Time X1
0 127
1 156.0318623798797
2 203.5785187389228
3 345.8196991590562
4 629.7205453911873
5 652.0109091885242
6 652.2313419196059
7 652.233318858999
8 652.2333548739501
9 652.2333421288519
10 652.2333408642243
11 652.2333406250133
12 652.2333403858022
13 652.2333401465912
14 652.2333399073801
15 652.2333396681692
16 652.2333394289581
17 652.2333393810276
18 652.2333393740205
19 652.2333393670134
20 652.2333393600064
21 652.2333393529993
22 652.2333393459922
23 652.2333393389853
24 652.2333393374053
25 652.2333393373841
26 652.2333393373631
27 652.2333393373419
28 652.2333393373209
29 652.2333393372998
30 652.2333393372787