Time X1
0 238
1 475.3305512859027
2 648.3630329607051
3 652.1977834877872
4 652.233015904118
5 652.2333557250419
6 652.233348686908
7 652.2333409156571
8 652.2333406949775
9 652.233340474298
10 652.2333402536184
11 652.2333400329387
12 652.2333398122591
13 652.2333395915796
14 652.2333393825143
15 652.2333393761505
16 652.2333393697868
17 652.2333393634231
18 652.2333393570593
19 652.2333393506956
20 652.2333393443319
21 652.2333393379681
22 652.233339337268
23 652.2333393372493
24 652.2333393372304
25 652.2333393372115
26 652.2333393371927
27 652.2333393371739
28 652.233339337155
29 652.2333393371362
30 652.2333393371173