Time X1
0 203
1 343.6253830703919
2 628.9046828694898
3 652.0021025551503
4 652.2312627615394
5 652.2333180498193
6 652.2333551572883
7 652.2333420530334
8 652.2333409313168
9 652.2333406772199
10 652.2333404231229
11 652.233340169026
12 652.2333399149289
13 652.233339660832
14 652.2333394067351
15 652.233339382931
16 652.2333393753995
17 652.233339367868
18 652.2333393603365
19 652.2333393528049
20 652.2333393452734
21 652.2333393377419
22 652.2333393375109
23 652.2333393374879
24 652.2333393374649
25 652.233339337442
26 652.2333393374191
27 652.2333393373962
28 652.2333393373732
29 652.2333393373502
30 652.2333393373273