Time X1
0 354
1 632.4683923827959
2 652.0402023538534
3 652.2316492044455
4 652.2333225973349
5 652.2333556811598
6 652.2333420192389
7 652.2333409358617
8 652.2333406852061
9 652.2333404345504
10 652.2333401838948
11 652.2333399332391
12 652.2333396825835
13 652.2333394319278
14 652.2333393831616
15 652.233339375843
16 652.2333393685243
17 652.2333393612057
18 652.2333393538871
19 652.2333393465684
20 652.2333393392498
21 652.2333393374711
22 652.2333393374491
23 652.2333393374272
24 652.2333393374053
25 652.2333393373833
26 652.2333393373614
27 652.2333393373394
28 652.2333393373175
29 652.2333393372955
30 652.2333393372736