Time X1
0 256
1 528.6121387742971
2 650.2785651021009
3 652.2154844248778
4 652.2331712432041
5 652.2333584512583
6 652.2333457439554
7 652.2333407865859
8 652.2333405848356
9 652.2333403830851
10 652.2333401813346
11 652.2333399795841
12 652.2333397778337
13 652.2333395760833
14 652.2333393787061
15 652.233339372988
16 652.2333393672699
17 652.2333393615518
18 652.2333393558337
19 652.2333393501156
20 652.2333393443975
21 652.2333393386793
22 652.2333393371351
23 652.2333393371184
24 652.2333393371018
25 652.2333393370852
26 652.2333393370685
27 652.2333393370519
28 652.2333393370353
29 652.2333393370186
30 652.233339337002