Time X1
0 231
1 450.8573350596088
2 646.9867801333514
3 652.1848923201662
4 652.2329046457101
5 652.2333533247617
6 652.2333499073246
7 652.233341041952
8 652.2333407995919
9 652.2333405572319
10 652.2333403148718
11 652.2333400725119
12 652.2333398301517
13 652.2333395877918
14 652.2333393862348
15 652.2333393791174
16 652.2333393719999
17 652.2333393648826
18 652.2333393577651
19 652.2333393506477
20 652.2333393435302
21 652.2333393374421
22 652.2333393374206
23 652.2333393373991
24 652.2333393373776
25 652.2333393373561
26 652.2333393373347
27 652.2333393373132
28 652.2333393372917
29 652.2333393372702
30 652.2333393372488