Time X1
0 262
1 543.0045821966386
2 650.6341318055569
3 652.2187439980488
4 652.2332003551141
5 652.2333583167849
6 652.2333455654471
7 652.2333409697674
8 652.2333407295322
9 652.2333404892969
10 652.2333402490617
11 652.2333400088265
12 652.2333397685913
13 652.2333395283562
14 652.2333393841191
15 652.233339377076
16 652.2333393700329
17 652.2333393629898
18 652.2333393559468
19 652.2333393489037
20 652.2333393418606
21 652.2333393374212
22 652.2333393374
23 652.2333393373788
24 652.2333393373576
25 652.2333393373364
26 652.2333393373152
27 652.233339337294
28 652.2333393372727
29 652.2333393372516
30 652.2333393372303