Time X1
0 369
1 636.5116168511042
2 652.0820060668592
3 652.2319269474996
4 652.2333271466795
5 652.2333549358187
6 652.2333419918228
7 652.2333407797352
8 652.2333405608719
9 652.2333403420084
10 652.233340123145
11 652.2333399042816
12 652.2333396854182
13 652.2333394665548
14 652.2333393786346
15 652.2333393723986
16 652.2333393661627
17 652.2333393599268
18 652.2333393536909
19 652.2333393474549
20 652.2333393412191
21 652.233339337251
22 652.2333393372327
23 652.2333393372145
24 652.2333393371962
25 652.233339337178
26 652.2333393371597
27 652.2333393371415
28 652.2333393371233
29 652.233339337105
30 652.2333393370868