Time X1
0 216
1 393.9401906054759
2 641.2287599326685
3 652.1293668157599
4 652.2324286899303
5 652.2333405540767
6 652.2333533817083
7 652.2333411783816
8 652.2333409172281
9 652.2333406560747
10 652.2333403949214
11 652.2333401337679
12 652.2333398726145
13 652.2333396114611
14 652.2333393902393
15 652.2333393824568
16 652.2333393746745
17 652.2333393668921
18 652.2333393591098
19 652.2333393513273
20 652.233339343545
21 652.2333393375809
22 652.233339337557
23 652.2333393375332
24 652.2333393375094
25 652.2333393374855
26 652.2333393374616
27 652.2333393374379
28 652.233339337414
29 652.2333393373901
30 652.2333393373663