Time X1
0 153
1 197.428061345637
2 322.8798238641203
3 619.0614850617712
4 651.8912553375674
5 652.2302206601398
6 652.2333083933125
7 652.2333542318285
8 652.2333430071815
9 652.233340792558
10 652.2333405737324
11 652.2333403549068
12 652.2333401360812
13 652.2333399172556
14 652.2333396984301
15 652.2333394796045
16 652.2333393789613
17 652.2333393726614
18 652.2333393663614
19 652.2333393600614
20 652.2333393537615
21 652.2333393474615
22 652.2333393411616
23 652.2333393372642
24 652.2333393372455
25 652.2333393372269
26 652.2333393372082
27 652.2333393371896
28 652.2333393371709
29 652.2333393371524
30 652.2333393371338