Time X1
0 206
1 355.0730042894801
2 632.797021650174
3 652.0436224653502
4 652.2316371267556
5 652.233321969768
6 652.2333542552244
7 652.2333421233899
8 652.2333407298109
9 652.2333405186943
10 652.2333403075777
11 652.2333400964611
12 652.2333398853445
13 652.233339674228
14 652.2333394631114
15 652.2333393771418
16 652.2333393711057
17 652.2333393650696
18 652.2333393590336
19 652.2333393529975
20 652.2333393469614
21 652.2333393409253
22 652.233339337208
23 652.2333393371903
24 652.2333393371725
25 652.2333393371549
26 652.2333393371372
27 652.2333393371194
28 652.2333393371017
29 652.233339337084
30 652.2333393370662