Time X1
0 257
1 531.1273795930302
2 650.3444111309245
3 652.2160864115622
4 652.2331764817325
5 652.2333585673226
6 652.2333457301739
7 652.233340821517
8 652.2333406126961
9 652.2333404038752
10 652.2333401950543
11 652.2333399862334
12 652.2333397774127
13 652.2333395685918
14 652.2333393797499
15 652.2333393737921
16 652.2333393678343
17 652.2333393618765
18 652.2333393559187
19 652.2333393499608
20 652.2333393440031
21 652.2333393380452
22 652.2333393371833
23 652.2333393371658
24 652.2333393371484
25 652.2333393371309
26 652.2333393371135
27 652.233339337096
28 652.2333393370786
29 652.2333393370611
30 652.2333393370437