Time X1
0 297
1 598.5773756153017
2 651.6301803860944
3 652.227805426757
4 652.2332858148674
5 652.233353061409
6 652.2333439211768
7 652.2333408271252
8 652.2333406065993
9 652.2333403860733
10 652.2333401655474
11 652.2333399450214
12 652.2333397244955
13 652.2333395039695
14 652.2333393799607
15 652.2333393736022
16 652.2333393672438
17 652.2333393608855
18 652.2333393545271
19 652.2333393481686
20 652.2333393418102
21 652.2333393372783
22 652.2333393372595
23 652.2333393372406
24 652.2333393372218
25 652.233339337203
26 652.2333393371841
27 652.2333393371654
28 652.2333393371465
29 652.2333393371276
30 652.2333393371089