Time X1
0 225
1 428.6264662982805
2 645.2851288133744
3 652.1686043165332
4 652.232737636527
5 652.2333551597519
6 652.2333495387775
7 652.2333417357474
8 652.2333413581223
9 652.2333409804971
10 652.233340602872
11 652.2333402252468
12 652.2333398476217
13 652.2333394699965
14 652.2333394059757
15 652.2333393940107
16 652.2333393820459
17 652.2333393700809
18 652.233339358116
19 652.2333393461511
20 652.2333393384622
21 652.2333393384232
22 652.2333393383841
23 652.2333393383451
24 652.2333393383061
25 652.233339338267
26 652.233339338228
27 652.233339338189
28 652.2333393381499
29 652.2333393381109
30 652.2333393380719