Time X1
0 320
1 617.3195646102424
2 651.870720426743
3 652.23008527786
4 652.2333060175779
5 652.2333540723859
6 652.2333434396804
7 652.2333407179611
8 652.2333405202643
9 652.2333403225674
10 652.2333401248704
11 652.2333399271736
12 652.2333397294767
13 652.2333395317797
14 652.2333393767474
15 652.2333393712336
16 652.2333393657196
17 652.2333393602057
18 652.2333393546919
19 652.233339349178
20 652.2333393436641
21 652.2333393381502
22 652.2333393370911
23 652.2333393370753
24 652.2333393370595
25 652.2333393370437
26 652.2333393370279
27 652.2333393370122
28 652.2333393369964
29 652.2333393369806
30 652.2333393369648