Time X1
0 294
1 595.3350869224025
2 651.5846470415916
3 652.2274770745194
4 652.2332784103201
5 652.2333563032089
6 652.2333440924453
7 652.2333412677098
8 652.2333409593195
9 652.2333406509294
10 652.2333403425392
11 652.2333400341491
12 652.2333397257589
13 652.2333394173688
14 652.2333393926366
15 652.2333393832797
16 652.2333393739227
17 652.2333393645658
18 652.233339355209
19 652.2333393458521
20 652.2333393379171
21 652.2333393378879
22 652.2333393378586
23 652.2333393378295
24 652.2333393378003
25 652.2333393377711
26 652.2333393377419
27 652.2333393377127
28 652.2333393376836
29 652.2333393376543
30 652.2333393376251