Time X1
0 266
1 551.6892648944689
2 650.825486977498
3 652.2204916618989
4 652.2332166839838
5 652.233357291391
6 652.2333453558061
7 652.2333410633289
8 652.233340801929
9 652.2333405405291
10 652.2333402791292
11 652.2333400177293
12 652.2333397563294
13 652.2333394949295
14 652.2333393868098
15 652.2333393790185
16 652.2333393712273
17 652.233339363436
18 652.2333393556447
19 652.2333393478534
20 652.2333393400622
21 652.2333393375719
22 652.233339337548
23 652.2333393375242
24 652.2333393375003
25 652.2333393374764
26 652.2333393374525
27 652.2333393374287
28 652.2333393374048
29 652.233339337381
30 652.2333393373572