Time X1
0 338
1 626.6405433187596
2 651.9774044161928
3 652.2310207636776
4 652.2333141206561
5 652.233355101151
6 652.2333428441042
7 652.2333408098203
8 652.2333405897724
9 652.2333403697244
10 652.2333401496763
11 652.2333399296283
12 652.2333397095803
13 652.2333394895322
14 652.2333393794968
15 652.2333393732206
16 652.2333393669444
17 652.2333393606683
18 652.2333393543921
19 652.2333393481159
20 652.2333393418398
21 652.2333393372611
22 652.2333393372427
23 652.2333393372243
24 652.233339337206
25 652.2333393371875
26 652.2333393371691
27 652.2333393371508
28 652.2333393371324
29 652.233339337114
30 652.2333393370957