Time X1
0 160
1 212.1193329592317
2 378.7955016699638
3 638.6110630715059
4 652.1033001021259
5 652.2321735259201
6 652.233339145839
7 652.2333534963051
8 652.2333416260134
9 652.2333412736837
10 652.2333409213539
11 652.2333405690242
12 652.2333402166945
13 652.2333398643648
14 652.2333395120351
15 652.2333394028882
16 652.2333393917102
17 652.233339380532
18 652.233339369354
19 652.2333393581758
20 652.2333393469977
21 652.2333393383005
22 652.233339338264
23 652.2333393382276
24 652.2333393381911
25 652.2333393381546
26 652.2333393381181
27 652.2333393380815
28 652.233339338045
29 652.2333393380085
30 652.233339337972