Time X1
0 134
1 165.4107292563513
2 224.7074467839402
3 427.5169540303466
4 645.1855393144447
5 652.1677855277635
6 652.2327642034168
7 652.2333477590179
8 652.233351859874
9 652.233340938056
10 652.2333407185611
11 652.2333404990662
12 652.2333402795713
13 652.2333400600763
14 652.2333398405815
15 652.2333396210865
16 652.2333394015916
17 652.2333393768309
18 652.2333393705079
19 652.233339364185
20 652.233339357862
21 652.233339351539
22 652.233339345216
23 652.2333393388931
24 652.2333393372622
25 652.2333393372435
26 652.2333393372248
27 652.2333393372061
28 652.2333393371874
29 652.2333393371687
30 652.23333933715