Time X1
0 141
1 175.9993658196808
2 252.6818355852331
3 519.9280897550049
4 650.0373133864736
5 652.2132640225146
6 652.2331504711865
7 652.2333589147809
8 652.2333461171588
9 652.2333409799921
10 652.233340740998
11 652.2333405020039
12 652.2333402630098
13 652.2333400240158
14 652.2333397850216
15 652.2333395460275
16 652.2333393844179
17 652.2333393774186
18 652.2333393704192
19 652.2333393634199
20 652.2333393564205
21 652.2333393494212
22 652.2333393424218
23 652.2333393374139
24 652.2333393373927
25 652.2333393373717
26 652.2333393373507
27 652.2333393373297
28 652.2333393373085
29 652.2333393372875
30 652.2333393372664