Time X1
0 106
1 133.7496862816352
2 165.0552522043456
3 223.8463630092603
4 424.2478663770979
5 644.8825706864538
6 652.1648851386528
7 652.2327389685832
8 652.2333475243671
9 652.2333519281345
10 652.2333409932877
11 652.2333407637211
12 652.2333405341545
13 652.233340304588
14 652.2333400750214
15 652.2333398454549
16 652.2333396158883
17 652.2333393863217
18 652.2333393781231
19 652.2333393714523
20 652.2333393647815
21 652.2333393581107
22 652.2333393514399
23 652.2333393447691
24 652.2333393380983
25 652.2333393373325
26 652.2333393373126
27 652.2333393372927
28 652.2333393372727
29 652.2333393372528
30 652.2333393372329