Time X1
0 250
1 512.5263912564086
2 649.81368081084
3 652.2112530477654
4 652.2331325236586
5 652.2333582256387
6 652.233346131752
7 652.23334084268
8 652.2333406319108
9 652.2333404211415
10 652.2333402103721
11 652.2333399996029
12 652.2333397888336
13 652.2333395780644
14 652.2333393803652
15 652.2333393743413
16 652.2333393683173
17 652.2333393622933
18 652.2333393562694
19 652.2333393502454
20 652.2333393442215
21 652.2333393381974
22 652.2333393371974
23 652.2333393371798
24 652.2333393371621
25 652.2333393371445
26 652.2333393371267
27 652.2333393371091
28 652.2333393370914
29 652.2333393370737
30 652.233339337056