Time X1
0 235
1 465.0638200713498
2 647.8370434376473
3 652.1928741919849
4 652.2329717183566
5 652.2333561376003
6 652.2333480123292
7 652.2333411369347
8 652.2333408735534
9 652.2333406101723
10 652.233340346791
11 652.2333400834099
12 652.2333398200286
13 652.2333395566475
14 652.2333393889938
15 652.2333393811321
16 652.2333393732702
17 652.2333393654083
18 652.2333393575465
19 652.2333393496846
20 652.2333393418228
21 652.2333393375922
22 652.2333393375679
23 652.2333393375438
24 652.2333393375197
25 652.2333393374956
26 652.2333393374715
27 652.2333393374474
28 652.2333393374232
29 652.2333393373991
30 652.233339337375