Time X1
0 364
1 635.2878026855072
2 652.0695167025141
3 652.2319062397216
4 652.2333266780648
5 652.2333550511149
6 652.2333420193052
7 652.2333407994022
8 652.2333405772504
9 652.2333403550986
10 652.2333401329466
11 652.2333399107948
12 652.233339688643
13 652.2333394664912
14 652.2333393792128
15 652.2333393728767
16 652.2333393665406
17 652.2333393602045
18 652.2333393538685
19 652.2333393475324
20 652.2333393411963
21 652.2333393372718
22 652.2333393372533
23 652.2333393372347
24 652.2333393372161
25 652.2333393371975
26 652.233339337179
27 652.2333393371605
28 652.233339337142
29 652.2333393371234
30 652.2333393371048