Time X1
0 202
1 339.8483287117168
2 627.4134796125618
3 651.9858046842995
4 652.2311591895858
5 652.2333160603391
6 652.2333563163701
7 652.2333422302231
8 652.2333410601473
9 652.2333407840463
10 652.2333405079453
11 652.2333402318443
12 652.2333399557433
13 652.2333396796423
14 652.2333394035414
15 652.2333393866937
16 652.2333393784768
17 652.23333937026
18 652.2333393620431
19 652.2333393538262
20 652.2333393456094
21 652.233339337678
22 652.2333393376529
23 652.2333393376277
24 652.2333393376026
25 652.2333393375775
26 652.2333393375524
27 652.2333393375272
28 652.2333393375021
29 652.233339337477
30 652.2333393374519