Time X1
0 289
1 589.4084746898317
2 651.4980313097313
3 652.2266451074313
4 652.2332725739881
5 652.2333561641348
6 652.2333441669608
7 652.2333413200652
8 652.2333409993108
9 652.2333406785565
10 652.233340357802
11 652.2333400370477
12 652.2333397162934
13 652.233339403877
14 652.2333393940442
15 652.2333393842113
16 652.2333393743784
17 652.2333393645455
18 652.2333393547125
19 652.2333393448796
20 652.2333393380134
21 652.2333393379824
22 652.2333393379514
23 652.2333393379204
24 652.2333393378893
25 652.2333393378584
26 652.2333393378274
27 652.2333393377963
28 652.2333393377653
29 652.2333393377344
30 652.2333393377033