Time X1
0 204
1 347.4232981949261
2 630.2945262284667
3 652.0170714418413
4 652.2313981024949
5 652.2333193696586
6 652.2333550497275
7 652.2333419648177
8 652.2333409134948
9 652.2333406626868
10 652.2333404118789
11 652.2333401610709
12 652.233339910263
13 652.2333396594551
14 652.2333394086471
15 652.2333393824233
16 652.2333393750083
17 652.2333393675933
18 652.2333393601784
19 652.2333393527634
20 652.2333393453484
21 652.2333393379334
22 652.2333393374871
23 652.2333393374646
24 652.2333393374421
25 652.2333393374196
26 652.2333393373971
27 652.2333393373744
28 652.2333393373519
29 652.2333393373294
30 652.2333393373069