Time X1
0 142
1 177.6199183117303
2 257.365597899301
3 532.0345130589578
4 650.3678596464738
5 652.2162446443589
6 652.2331677693757
7 652.2333598662751
8 652.2333461227705
9 652.2333409127666
10 652.2333406908168
11 652.2333404688671
12 652.2333402469175
13 652.2333400249678
14 652.233339803018
15 652.2333395810683
16 652.2333393824428
17 652.2333393761022
18 652.2333393697617
19 652.2333393634211
20 652.2333393570806
21 652.23333935074
22 652.2333393443995
23 652.233339338059
24 652.2333393372637
25 652.2333393372451
26 652.2333393372265
27 652.2333393372079
28 652.2333393371892
29 652.2333393371707
30 652.2333393371521