Time X1
0 226
1 432.3945386492629
2 645.6119916745541
3 652.1718736643073
4 652.232785861901
5 652.2333558078149
6 652.2333490642113
7 652.2333418003901
8 652.2333413972195
9 652.2333409940489
10 652.2333405908784
11 652.2333401877078
12 652.2333397845372
13 652.2333394203582
14 652.2333394072506
15 652.2333393941429
16 652.2333393810354
17 652.2333393679278
18 652.2333393548201
19 652.2333393417126
20 652.2333393386854
21 652.2333393386415
22 652.2333393385975
23 652.2333393385536
24 652.2333393385097
25 652.2333393384658
26 652.2333393384218
27 652.233339338378
28 652.2333393383341
29 652.2333393382902
30 652.2333393382462