Time X1
0 109
1 136.4756048414973
2 169.0093747747336
3 233.7087398598334
4 460.538189207746
5 647.5828175060871
6 652.1904953143476
7 652.2329534917427
8 652.2333538311524
9 652.2333497836515
10 652.233340923793
11 652.2333407032322
12 652.2333404826713
13 652.2333402621105
14 652.2333400415497
15 652.2333398209888
16 652.2333396004279
17 652.2333393827481
18 652.2333393763885
19 652.2333393700288
20 652.2333393636692
21 652.2333393573095
22 652.23333935095
23 652.2333393445904
24 652.2333393382307
25 652.233339337268
26 652.2333393372492
27 652.2333393372303
28 652.2333393372115
29 652.2333393371927
30 652.2333393371738