Time X1
0 242
1 488.445467266026
2 648.9465795032216
3 652.2031931286009
4 652.2330616438046
5 652.2333571484407
6 652.2333474604973
7 652.2333409277414
8 652.2333407031866
9 652.2333404786319
10 652.2333402540771
11 652.2333400295223
12 652.2333398049676
13 652.2333395804128
14 652.2333393828779
15 652.2333393763805
16 652.2333393698832
17 652.2333393633858
18 652.2333393568885
19 652.233339350391
20 652.2333393438936
21 652.2333393373963
22 652.2333393372941
23 652.2333393372747
24 652.2333393372554
25 652.2333393372362
26 652.2333393372169
27 652.2333393371975
28 652.2333393371782
29 652.2333393371589
30 652.2333393371396