Time X1
0 249
1 509.6797501068521
2 649.7227677404569
3 652.2104106001552
4 652.2331246103371
5 652.2333585043376
6 652.2333462924947
7 652.2333409295519
8 652.2333407020578
9 652.2333404745639
10 652.2333402470699
11 652.233340019576
12 652.233339792082
13 652.2333395645881
14 652.233339382938
15 652.233339376339
16 652.2333393697401
17 652.2333393631411
18 652.233339356542
19 652.2333393499431
20 652.2333393433441
21 652.2333393373329
22 652.2333393373133
23 652.2333393372936
24 652.2333393372739
25 652.2333393372543
26 652.2333393372346
27 652.2333393372149
28 652.2333393371954
29 652.2333393371757
30 652.2333393371561