Time X1
0 290
1 590.6493581233648
2 651.5165360652762
3 652.2267745960984
4 652.2332761045983
5 652.2333528024099
6 652.2333441868975
7 652.2333408779322
8 652.2333406484736
9 652.233340419015
10 652.2333401895564
11 652.2333399600979
12 652.2333397306393
13 652.2333395011807
14 652.2333393814426
15 652.2333393747754
16 652.2333393681082
17 652.2333393614409
18 652.2333393547736
19 652.2333393481065
20 652.2333393414392
21 652.2333393373412
22 652.2333393373214
23 652.2333393373015
24 652.2333393372816
25 652.2333393372617
26 652.2333393372418
27 652.2333393372219
28 652.2333393372021
29 652.2333393371822
30 652.2333393371623