Time X1
0 120
1 147.7142487260691
2 187.4400871435607
3 288.0206048247165
4 588.1667732758651
5 651.479318978586
6 652.2264378491554
7 652.2332728759405
8 652.2333527165185
9 652.2333442669961
10 652.2333408937392
11 652.2333406614705
12 652.2333404292017
13 652.233340196933
14 652.2333399646643
15 652.2333397323956
16 652.2333395001268
17 652.2333393819016
18 652.2333393751369
19 652.2333393683722
20 652.2333393616075
21 652.2333393548428
22 652.2333393480781
23 652.2333393413134
24 652.2333393373614
25 652.2333393373411
26 652.2333393373209
27 652.2333393373007
28 652.2333393372804
29 652.2333393372602
30 652.23333933724