Time X1
0 356
1 633.0758949902324
2 652.0465349706791
3 652.2317066748969
4 652.2333224006964
5 652.2333550647372
6 652.2333422833971
7 652.2333407812971
8 652.233340564382
9 652.233340347467
10 652.2333401305519
11 652.2333399136369
12 652.2333396967218
13 652.2333394798067
14 652.2333393786763
15 652.2333393725179
16 652.2333393663594
17 652.2333393602009
18 652.2333393540424
19 652.233339347884
20 652.2333393417255
21 652.2333393372363
22 652.2333393372185
23 652.2333393372005
24 652.2333393371825
25 652.2333393371646
26 652.2333393371466
27 652.2333393371287
28 652.2333393371107
29 652.2333393370928
30 652.2333393370749