Time X1
0 236
1 468.5251717126405
2 648.0218302717428
3 652.1946055028525
4 652.2329894070878
5 652.2333542532126
6 652.2333496312708
7 652.2333408411695
8 652.233340635427
9 652.2333404296845
10 652.233340223942
11 652.2333400181997
12 652.2333398124572
13 652.2333396067147
14 652.2333394009722
15 652.2333393744336
16 652.2333393685806
17 652.2333393627275
18 652.2333393568744
19 652.2333393510213
20 652.2333393451682
21 652.2333393393152
22 652.2333393371653
23 652.2333393371482
24 652.233339337131
25 652.233339337114
26 652.2333393370968
27 652.2333393370798
28 652.2333393370627
29 652.2333393370455
30 652.2333393370285