Time X1
0 386
1 639.9403961573794
2 652.1165356156158
3 652.2322364768235
4 652.2333469359968
5 652.2333511400625
6 652.2333423587507
7 652.2333418514767
8 652.2333413442026
9 652.2333408369286
10 652.2333403296545
11 652.2333398223806
12 652.2333394394888
13 652.233339422463
14 652.2333394054373
15 652.2333393884115
16 652.2333393713857
17 652.2333393543599
18 652.2333393395452
19 652.2333393394863
20 652.2333393394273
21 652.2333393393684
22 652.2333393393094
23 652.2333393392505
24 652.2333393391915
25 652.2333393391326
26 652.2333393390737
27 652.2333393390147
28 652.2333393389558
29 652.2333393388968
30 652.2333393388379