Time X1
0 347
1 630.1452251219004
2 652.0154659972012
3 652.231420318768
4 652.2333189217827
5 652.2333547712412
6 652.2333426347033
7 652.2333407228203
8 652.2333405196929
9 652.2333403165655
10 652.2333401134381
11 652.2333399103106
12 652.2333397071832
13 652.2333395040558
14 652.2333393769352
15 652.2333393712403
16 652.2333393655455
17 652.2333393598506
18 652.2333393541558
19 652.2333393484608
20 652.233339342766
21 652.2333393371424
22 652.233339337126
23 652.2333393371097
24 652.2333393370933
25 652.2333393370769
26 652.2333393370606
27 652.2333393370441
28 652.2333393370277
29 652.2333393370113
30 652.233339336995