Time X1
0 233
1 458.0317103227751
2 647.4357067863557
3 652.1890814275571
4 652.2329313786363
5 652.2333595097541
6 652.2333482116057
7 652.2333418929619
8 652.2333414603909
9 652.2333410278198
10 652.2333405952487
11 652.2333401626777
12 652.2333397301066
13 652.2333394236198
14 652.2333394093519
15 652.2333393950839
16 652.2333393808159
17 652.233339366548
18 652.23333935228
19 652.233339338963
20 652.2333393389144
21 652.2333393388659
22 652.2333393388174
23 652.2333393387688
24 652.2333393387204
25 652.2333393386718
26 652.2333393386233
27 652.2333393385748
28 652.2333393385263
29 652.2333393384778
30 652.2333393384292