Time X1
0 301
1 602.5712585194746
2 651.6846253082474
3 652.2284339722625
4 652.2332891284564
5 652.233355723536
6 652.2333437960599
7 652.2333411127312
8 652.2333408353333
9 652.2333405579353
10 652.2333402805374
11 652.2333400031396
12 652.2333397257416
13 652.2333394483437
14 652.233339388249
15 652.233339379986
16 652.2333393717231
17 652.2333393634601
18 652.2333393551972
19 652.2333393469343
20 652.2333393386714
21 652.2333393376663
22 652.2333393376409
23 652.2333393376157
24 652.2333393375903
25 652.2333393375651
26 652.2333393375397
27 652.2333393375145
28 652.2333393374892
29 652.2333393374639
30 652.2333393374387