Time X1
0 234
1 461.5663349891315
2 647.642298204379
3 652.1909576192348
4 652.2329649460459
5 652.233358404549
6 652.2333478959702
7 652.2333415343209
8 652.2333411837413
9 652.2333408331617
10 652.2333404825821
11 652.2333401320026
12 652.233339781423
13 652.2333394308433
14 652.2333394000171
15 652.2333393889061
16 652.233339377795
17 652.2333393666839
18 652.2333393555729
19 652.2333393444618
20 652.2333393382785
21 652.2333393382423
22 652.2333393382061
23 652.2333393381698
24 652.2333393381335
25 652.2333393380973
26 652.233339338061
27 652.2333393380247
28 652.2333393379885
29 652.2333393379522
30 652.2333393379159