Time X1
0 332
1 623.9185753781481
2 651.947057686389
3 652.2307648253277
4 652.2333112281099
5 652.2333549871073
6 652.2333430334998
7 652.2333408105818
8 652.2333405914792
9 652.2333403723767
10 652.2333401532741
11 652.2333399341715
12 652.233339715069
13 652.2333394959663
14 652.2333393795136
15 652.2333393732697
16 652.2333393670257
17 652.2333393607818
18 652.2333393545379
19 652.233339348294
20 652.23333934205
21 652.2333393372548
22 652.2333393372367
23 652.2333393372184
24 652.2333393372001
25 652.2333393371819
26 652.2333393371636
27 652.2333393371453
28 652.2333393371271
29 652.2333393371088
30 652.2333393370905