Time X1
0 295
1 596.4395517419027
2 651.6002838731523
3 652.2275337750552
4 652.2332832958602
5 652.2333529420483
6 652.2333439979329
7 652.233340833896
8 652.2333406124302
9 652.2333403909645
10 652.2333401694988
11 652.2333399480331
12 652.2333397265672
13 652.2333395051015
14 652.2333393801582
15 652.2333393737673
16 652.2333393673765
17 652.2333393609857
18 652.2333393545949
19 652.2333393482041
20 652.2333393418132
21 652.2333393372851
22 652.2333393372661
23 652.2333393372472
24 652.2333393372282
25 652.2333393372093
26 652.2333393371904
27 652.2333393371714
28 652.2333393371525
29 652.2333393371335
30 652.2333393371146