Time X1
0 201
1 336.0935759384386
2 625.8120081363503
3 651.9682068020854
4 652.2309727960097
5 652.2333151202823
6 652.2333541957983
7 652.2333426622226
8 652.233340735861
9 652.2333405266601
10 652.233340317459
11 652.2333401082581
12 652.233339899057
13 652.2333396898561
14 652.2333394806551
15 652.2333393773075
16 652.2333393713367
17 652.233339365366
18 652.2333393593952
19 652.2333393534244
20 652.2333393474537
21 652.233339341483
22 652.233339337196
23 652.2333393371784
24 652.2333393371609
25 652.2333393371434
26 652.2333393371259
27 652.2333393371084
28 652.233339337091
29 652.2333393370735
30 652.233339337056