Time X1
0 158
1 207.7436191508752
2 361.7919593787758
3 634.7101773710405
4 652.0634824647383
5 652.23184857772
6 652.2333254095803
7 652.2333550457986
8 652.2333420973691
9 652.2333407923044
10 652.2333405719894
11 652.2333403516744
12 652.2333401313596
13 652.2333399110446
14 652.2333396907296
15 652.2333394704148
16 652.2333393790034
17 652.2333393727282
18 652.233339366453
19 652.2333393601778
20 652.2333393539026
21 652.2333393476274
22 652.2333393413522
23 652.2333393372594
24 652.233339337241
25 652.2333393372227
26 652.2333393372044
27 652.233339337186
28 652.2333393371676
29 652.2333393371492
30 652.2333393371309